// Jest Snapshot v1, https://goo.gl/fbAQLP

exports[`SpecieDetail should not render if no data 1`] = `<div />`;

exports[`SpecieDetail should render correctly 1`] = `
<div>
  <div
    class="entity-detail"
  >
    <div
      class="entity-detail__title-wrap"
    >
      <h2
        class="entity-detail__title"
      >
        Human
      </h2>
    </div>
    <div
      class="entity-detail__img-wrap"
    >
      <img
        alt="Human"
        class="entity-detail__img"
        src="/assets/content/species/1.png"
      />
    </div>
    <div
      class="entity-detail__title-wrap"
    >
      <h2
        class="entity-detail__title"
      >
        Characteristics
      </h2>
    </div>
    <div
      class="entity-detail__spec detail-spec-table"
    >
      <table
        class="detail-spec-table__table"
      >
        <tbody>
          <tr>
            <td>
              classification
            </td>
            <td>
              mammal
            </td>
          </tr>
          <tr>
            <td>
              designation
            </td>
            <td>
              sentient
            </td>
          </tr>
          <tr>
            <td>
              average height
            </td>
            <td>
              180
            </td>
          </tr>
          <tr>
            <td>
              skin colors
            </td>
            <td>
              caucasian, black, asian, hispanic
            </td>
          </tr>
          <tr>
            <td>
              hair colors
            </td>
            <td>
              blonde, brown, black, red
            </td>
          </tr>
          <tr>
            <td>
              eye colors
            </td>
            <td>
              brown, blue, green, hazel, grey, amber
            </td>
          </tr>
          <tr>
            <td>
              average lifespan
            </td>
            <td>
              120
            </td>
          </tr>
          <tr>
            <td>
              homeworld
            </td>
            <td>
              <a
                href="/planets/1"
              >
                Tatooine
              </a>
            </td>
          </tr>
        </tbody>
      </table>
    </div>
    <div
      class="catalog"
    >
      <h2
        class="catalog__title"
      >
        People
      </h2>
      <div
        class="catalog__items catalog-items-wrap"
      >
        <div
          class="catalog-item"
        >
          <a
            class="catalog-item__link"
            href="/people/1"
          >
            <div
              class="catalog-item__img-wrap"
            >
              <img
                alt="Luke Skywalker"
                class="catalog-item__img"
                loading="lazy"
                src="/assets/content/people/1.png"
              />
            </div>
            <div
              class="catalog-item__info catalog-item-info"
            >
              <div
                class="catalog-item-info__name"
              >
                Luke Skywalker
              </div>
            </div>
          </a>
        </div>
      </div>
    </div>
    <div
      class="catalog"
    >
      <h2
        class="catalog__title"
      >
        Films
      </h2>
      <div
        class="catalog__items catalog-items-wrap"
      >
        <div
          class="catalog-item"
        >
          <a
            class="catalog-item__link"
            href="/films/1"
          >
            <div
              class="catalog-item__img-wrap"
            >
              <img
                alt="A New Hope"
                class="catalog-item__img"
                loading="lazy"
                src="/assets/content/films/1.png"
              />
            </div>
            <div
              class="catalog-item__info catalog-item-info"
            >
              <div
                class="catalog-item-info__name"
              >
                A New Hope
              </div>
            </div>
          </a>
        </div>
      </div>
    </div>
  </div>
</div>
`;
