// Jest Snapshot v1, https://goo.gl/fbAQLP

exports[`FilmDetail should not render if no data 1`] = `<div />`;

exports[`FilmDetail should render correctly 1`] = `
<div>
  <div
    class="entity-detail"
  >
    <div
      class="entity-detail__title-wrap"
    >
      <h2
        class="entity-detail__title"
      >
        A New Hope
      </h2>
    </div>
    <div
      class="entity-detail__img-wrap"
    >
      <img
        alt="A New Hope"
        class="entity-detail__img"
        src="/assets/content/films/1.png"
      />
    </div>
    <div
      class="entity-detail__title-wrap"
    >
      <h2
        class="entity-detail__title"
      >
        Characteristics
      </h2>
    </div>
    <div
      class="entity-detail__spec detail-spec-table"
    >
      <table
        class="detail-spec-table__table"
      >
        <tbody>
          <tr>
            <td>
              opening crawl
            </td>
            <td>
              It is a period of civil war.
Rebel spaceships, striking
from a hidden base, have won
their first victory against
the evil Galactic Empire.

During the battle, Rebel
spies managed to steal secret
plans to the Empire's
ultimate weapon, the DEATH
STAR, an armored space
station with enough power
to destroy an entire planet.

Pursued by the Empire's
sinister agents, Princess
Leia races home aboard her
starship, custodian of the
stolen plans that can save her
people and restore
freedom to the galaxy....
            </td>
          </tr>
          <tr>
            <td>
              director
            </td>
            <td>
              George Lucas
            </td>
          </tr>
          <tr>
            <td>
              producer
            </td>
            <td>
              Gary Kurtz, Rick McCallum
            </td>
          </tr>
          <tr>
            <td>
              release date
            </td>
            <td>
              1977-05-25
            </td>
          </tr>
        </tbody>
      </table>
    </div>
    <div
      class="catalog"
    >
      <h2
        class="catalog__title"
      >
        Characters
      </h2>
      <div
        class="catalog__items catalog-items-wrap"
      >
        <div
          class="catalog-item"
        >
          <a
            class="catalog-item__link"
            href="/people/1"
          >
            <div
              class="catalog-item__img-wrap"
            >
              <img
                alt="Luke Skywalker"
                class="catalog-item__img"
                loading="lazy"
                src="/assets/content/people/1.png"
              />
            </div>
            <div
              class="catalog-item__info catalog-item-info"
            >
              <div
                class="catalog-item-info__name"
              >
                Luke Skywalker
              </div>
            </div>
          </a>
        </div>
      </div>
    </div>
    <div
      class="catalog"
    >
      <h2
        class="catalog__title"
      >
        Planets
      </h2>
      <div
        class="catalog__items catalog-items-wrap"
      >
        <div
          class="catalog-item"
        >
          <a
            class="catalog-item__link"
            href="/planets/1"
          >
            <div
              class="catalog-item__img-wrap"
            >
              <img
                alt="Tatooine"
                class="catalog-item__img"
                loading="lazy"
                src="/assets/content/planets/1.png"
              />
            </div>
            <div
              class="catalog-item__info catalog-item-info"
            >
              <div
                class="catalog-item-info__name"
              >
                Tatooine
              </div>
            </div>
          </a>
        </div>
      </div>
    </div>
    <div
      class="catalog"
    >
      <h2
        class="catalog__title"
      >
        Starships
      </h2>
      <div
        class="catalog__items catalog-items-wrap"
      >
        <div
          class="catalog-item"
        >
          <a
            class="catalog-item__link"
            href="/starships/1"
          >
            <div
              class="catalog-item__img-wrap"
            >
              <img
                alt="CR90 corvette"
                class="catalog-item__img"
                loading="lazy"
                src="/assets/content/starships/1.png"
              />
            </div>
            <div
              class="catalog-item__info catalog-item-info"
            >
              <div
                class="catalog-item-info__name"
              >
                CR90 corvette
              </div>
            </div>
          </a>
        </div>
      </div>
    </div>
    <div
      class="catalog"
    >
      <h2
        class="catalog__title"
      >
        Vehicles
      </h2>
      <div
        class="catalog__items catalog-items-wrap"
      >
        <div
          class="catalog-item"
        >
          <a
            class="catalog-item__link"
            href="/vehicles/1"
          >
            <div
              class="catalog-item__img-wrap"
            >
              <img
                alt="Sand Crawler"
                class="catalog-item__img"
                loading="lazy"
                src="/assets/content/vehicles/1.png"
              />
            </div>
            <div
              class="catalog-item__info catalog-item-info"
            >
              <div
                class="catalog-item-info__name"
              >
                Sand Crawler
              </div>
            </div>
          </a>
        </div>
      </div>
    </div>
    <div
      class="catalog"
    >
      <h2
        class="catalog__title"
      >
        Species
      </h2>
      <div
        class="catalog__items catalog-items-wrap"
      >
        <div
          class="catalog-item"
        >
          <a
            class="catalog-item__link"
            href="/species/1"
          >
            <div
              class="catalog-item__img-wrap"
            >
              <img
                alt="Human"
                class="catalog-item__img"
                loading="lazy"
                src="/assets/content/species/1.png"
              />
            </div>
            <div
              class="catalog-item__info catalog-item-info"
            >
              <div
                class="catalog-item-info__name"
              >
                Human
              </div>
            </div>
          </a>
        </div>
      </div>
    </div>
  </div>
</div>
`;
